
> oppede@0.1.0 prebuild
> npm run generate:cry-manifest


> oppede@0.1.0 generate:cry-manifest
> node ./scripts/generate-cry-manifest.js

Cry manifest written: C:\Users\Zaldrick\Documents\GitHub\oppede\public\assets\sounds\cries\index.json 869 entries

> oppede@0.1.0 build
> react-scripts build

node.exe : (node:28184) [DEP0176] 
DeprecationWarning: fs.F_OK is 
deprecated, use fs.constants.F_OK 
instead
Au caractère Ligne:1 : 1
+ & "C:\Program 
Files\nodejs/node.exe" 
"C:\Users\Zaldrick\AppData\Roami ...
+ ~~~~~~~~~~~~~~~~~~~~~~~~~~~~~~~~~~
~~~~~~~~~~~~~~~~~~~~~~~~~~~~~~~~~~~
    + CategoryInfo          : NotSp 
   ecified: ((node:28184) [D...ts.  
  F_OK instead:String) [], Remote   
 Exception
    + FullyQualifiedErrorId : Nativ 
   eCommandError
 
(Use `node --trace-deprecation ...` 
to show where the warning was 
created)
Creating an optimized production build...
Compiled with warnings.

[eslint] 
src\QuizGameScene.js
  Line 622:15:  'titleSize' is assigned a value but never used  no-unused-vars
  Line 623:15:  'textSize' is assigned a value but never used   no-unused-vars

src\QuizLobbyScene.js
  Line 55:15:   'bgGradient' is assigned a value but never used       no-unused-vars
  Line 56:15:   'bgOverlay' is assigned a value but never used        no-unused-vars
  Line 104:15:  'organizeButton' is assigned a value but never used   no-unused-vars
  Line 120:15:  'sectionBg' is assigned a value but never used        no-unused-vars
  Line 123:15:  'sectionBorder' is assigned a value but never used    no-unused-vars
  Line 126:15:  'sectionTitle' is assigned a value but never used     no-unused-vars
  Line 197:15:  'title' is assigned a value but never used            no-unused-vars
  Line 205:15:  'subtitle' is assigned a value but never used         no-unused-vars
  Line 312:15:  'difficultyTitle' is assigned a value but never used  no-unused-vars
  Line 364:15:  'backButton' is assigned a value but never used       no-unused-vars
  Line 378:15:  'createButton' is assigned a value but never used     no-unused-vars
  Line 510:15:  'title' is assigned a value but never used            no-unused-vars
  Line 687:19:  'cancelX' is assigned a value but never used          no-unused-vars

src\TripleTriadGameScene.js
  Line 289:33:  Function declared in a loop contains unsafe references to variable(s) 'poseDone', 'poseDone'  no-loop-func
  Line 523:15:  'cardH' is assigned a value but never used                                                    no-unused-vars

src\TripleTriadPvPConfigScene.js
  Line 1:1:  Unexpected Unicode BOM (Byte Order Mark)  unicode-bom

src\TripleTriadSelectScene.js
  Line 1:1:  Unexpected Unicode BOM (Byte Order Mark)  unicode-bom

src\battle\BattleAnimationManager.js
  Line 1:10:  'getTypeEffectiveness' is defined but never used     no-unused-vars
  Line 1:32:  'getEffectivenessMessage' is defined but never used  no-unused-vars

src\battle\BattleTurnManager.js
  Line 14:8:  'SpriteLoader' is defined but never used  no-unused-vars

src\managers\ConfigManager.js
  Line 1:1:  Unexpected Unicode BOM (Byte Order Mark)  unicode-bom

src\managers\MapManager.js
  Line 1:1:  Unexpected Unicode BOM (Byte Order Mark)  unicode-bom

src\managers\ResponsiveManager.js
  Line 151:24:  'height' is assigned a value but never used  no-unused-vars
  Line 205:17:  'width' is assigned a value but never used   no-unused-vars

src\managers\ShopManager.js
  Line 1:1:  Unexpected Unicode BOM (Byte Order Mark)  unicode-bom

src\managers\SocketManager.js
  Line 1:1:  Unexpected Unicode BOM (Byte Order Mark)  unicode-bom

src\managers\UIManager.js
  Line 1:1:     Unexpected Unicode BOM (Byte Order Mark)           unicode-bom
  Line 310:15:  'closeBtnSize' is assigned a value but never used  no-unused-vars

Search for the keywords to learn more about each warning.
To ignore, add // eslint-disable-next-line to the line before.

File sizes after gzip:

  519.08 kB  build\static\js\main.bee4c179.js
  1.76 kB    build\static\js\453.901a12e9.chunk.js
  320 B      build\static\css\main.e5aa6863.css

The project was built assuming it is hosted at /.
You can control this with the homepage field in your package.json.

The build folder is ready to be deployed.
You may serve it with a static server:

  serve -s build

Find out more about deployment here:

  https://cra.link/deployment

